cases/pricing_optimization/data/data.csv
date,region,category,product,price,units_sold
2024-01-13,North,Hardware,Gizmo B,127.69,54
2024-01-09,North,Hardware,Gizmo B,93.67,119
2024-01-17,North,Hardware,Gizmo B,106.44,151
2024-02-22,North,Hardware,Gizmo B,91.62,111
2024-02-19,North,Hardware,Gizmo B,130.56,76
2024-02-02,North,Hardware,Gizmo B,128.87,75
2024-03-08,North,Hardware,Gizmo B,98.54,100
2024-03-11,North,Hardware,Gizmo B,122.91,87
2024-04-19,North,Hardware,Gizmo B,93.39,73
2024-05-25,North,Hardware,Gizmo B,93.75,112
2024-05-11,North,Hardware,Gizmo B,127.42,76
2024-06-07,North,Hardware,Gizmo B,127.3,76
2024-06-11,North,Hardware,Gizmo B,95.81,119
2024-06-14,North,Hardware,Gizmo B,91.86,129
2024-01-10,North,Software,Case Max,66.32,113
2024-01-28,North,Software,Case Max,56.04,104
2024-01-17,North,Software,Case Max,50.92,113
2024-01-16,North,Software,Case Max,61.64,99
2024-02-21,North,Software,Case Max,60.31,111
2024-02-25,North,Software,Case Max,62.02,88
2024-03-17,North,Software,Case Max,65.83,103
2024-03-18,North,Software,Case Max,48.56,120
2024-03-20,North,Software,Case Max,67.52,88
2024-05-13,North,Software,Case Max,57.34,100
2024-05-18,North,Software,Case Max,66.3,98
2024-05-06,North,Software,Case Max,56.86,90
2024-06-10,North,Software,Case Max,68.55,92
2024-06-07,North,Software,Case Max,69.04,74
2024-01-01,East,Accessories,Gizmo A,19.52,105
2024-01-26,East,Accessories,Gizmo A,16.24,120
2024-01-02,East,Accessories,Gizmo A,23.68,94
2024-01-06,East,Accessories,Gizmo A,16.75,109
2024-02-01,East,Accessories,Gizmo A,17.72,116
2024-02-12,East,Accessories,Gizmo A,20.68,138
2024-03-18,East,Accessories,Gizmo A,20.71,83
2024-03-27,East,Accessories,Gizmo A,23.16,102
2024-04-08,East,Accessories,Gizmo A,21.64,67
2024-04-07,East,Accessories,Gizmo A,23.51,87
2024-04-05,East,Accessories,Gizmo A,22.25,98
2024-04-10,East,Accessories,Gizmo A,22.36,106
2024-04-10,East,Accessories,Gizmo A,20.77,114
2024-05-13,East,Accessories,Gizmo A,17.79,108
2024-05-25,East,Accessories,Gizmo A,19.82,71
2024-06-14,East,Accessories,Gizmo A,21.2,90
2024-06-04,East,Accessories,Gizmo A,22.44,107
2024-01-24,North,Hardware,Widget X,116.8,98
2024-01-10,North,Hardware,Widget X,125.57,59
2024-01-07,North,Hardware,Widget X,110.42,96
2024-01-27,North,Hardware,Widget X,131.4,48
2024-02-22,North,Hardware,Widget X,109.48,123
2024-02-14,North,Hardware,Widget X,90.38,122
2024-02-19,North,Hardware,Widget X,122.13,37
2024-01-31,North,Hardware,Widget X,122.53,72
2024-02-11,North,Hardware,Widget X,100.5,123
2024-04-24,North,Hardware,Widget X,116.68,80
2024-04-12,North,Hardware,Widget X,124.22,79
2024-04-05,North,Hardware,Widget X,120.47,53
2024-06-20,North,Hardware,Widget X,99.22,99
2024-06-10,North,Hardware,Widget X,126.0,116
2024-01-20,West,Hardware,Cable Pro,89.45,143
2024-02-06,West,Hardware,Cable Pro,103.05,105
2024-01-31,West,Hardware,Cable Pro,122.29,93
2024-02-11,West,Hardware,Cable Pro,94.34,130
2024-03-06,West,Hardware,Cable Pro,120.64,104
2024-03-15,West,Hardware,Cable Pro,107.65,105
2024-03-05,West,Hardware,Cable Pro,89.37,108
2024-03-07,West,Hardware,Cable Pro,119.51,77
2024-04-25,West,Hardware,Cable Pro,121.29,65
2024-04-26,West,Hardware,Cable Pro,122.9,78
2024-04-14,West,Hardware,Cable Pro,107.24,114
2024-04-19,West,Hardware,Cable Pro,120.5,102
2024-04-27,West,Hardware,Cable Pro,111.39,91
2024-05-05,West,Hardware,Cable Pro,130.06,75
2024-05-08,West,Hardware,Cable Pro,124.58,86
2024-05-04,West,Hardware,Cable Pro,107.81,120
2024-06-13,West,Hardware,Cable Pro,102.66,96
2024-06-03,West,Hardware,Cable Pro,124.94,105
2024-01-07,West,Accessories,Widget X,21.86,76
2024-01-26,West,Accessories,Widget X,21.36,110
2024-01-22,West,Accessories,Widget X,23.95,71
2024-01-25,West,Accessories,Widget X,18.29,73
2024-02-10,West,Accessories,Widget X,17.22,85
2024-02-18,West,Accessories,Widget X,19.13,105
2024-02-06,West,Accessories,Widget X,20.39,127
2024-03-24,West,Accessories,Widget X,16.84,100
2024-03-16,West,Accessories,Widget X,21.18,98
2024-03-28,West,Accessories,Widget X,21.22,111
2024-03-31,West,Accessories,Widget X,18.58,108
2024-04-01,West,Accessories,Widget X,16.4,92
2024-04-17,West,Accessories,Widget X,22.95,93
2024-04-27,West,Accessories,Widget X,21.84,94
2024-04-24,West,Accessories,Widget X,20.5,98
2024-05-01,West,Accessories,Widget X,20.82,84
2024-05-13,West,Accessories,Widget X,16.71,78
2024-05-15,West,Accessories,Widget X,16.8,88
2024-06-25,West,Accessories,Widget X,21.6,93
2024-01-05,West,Hardware,Gizmo A,128.18,62
2024-01-15,West,Hardware,Gizmo A,107.23,86
2024-01-08,West,Hardware,Gizmo A,121.05,107
2024-02-21,West,Hardware,Gizmo A,95.95,129
2024-02-27,West,Hardware,Gizmo A,112.73,79
2024-02-25,West,Hardware,Gizmo A,101.98,107
2024-03-18,West,Hardware,Gizmo A,104.68,99
2024-03-06,West,Hardware,Gizmo A,107.91,127
2024-03-15,West,Hardware,Gizmo A,99.0,134
2024-03-26,West,Hardware,Gizmo A,114.4,91
2024-04-18,West,Hardware,Gizmo A,110.24,82
2024-04-27,West,Hardware,Gizmo A,113.43,84
2024-04-06,West,Hardware,Gizmo A,126.92,70
2024-04-08,West,Hardware,Gizmo A,121.37,98
2024-03-31,West,Hardware,Gizmo A,109.79,100
2024-04-27,West,Hardware,Gizmo A,111.01,106
2024-04-13,West,Hardware,Gizmo A,109.36,109
2024-04-16,West,Hardware,Gizmo A,127.76,92
2024-05-12,West,Hardware,Gizmo A,114.84,77
2024-05-08,West,Hardware,Gizmo A,104.58,119
2024-05-20,West,Hardware,Gizmo A,99.03,117
2024-06-03,West,Hardware,Gizmo A,88.03,134
2024-06-13,West,Hardware,Gizmo A,97.79,122
2024-01-02,North,Software,Gizmo B,62.88,57
2024-01-25,North,Software,Gizmo B,66.07,121
2024-02-03,North,Software,Gizmo B,51.22,122
2024-02-15,North,Software,Gizmo B,52.23,100
2024-03-15,North,Software,Gizmo B,63.88,114
2024-03-02,North,Software,Gizmo B,68.5,65
2024-03-04,North,Software,Gizmo B,70.95,87
2024-03-10,North,Software,Gizmo B,52.16,108
2024-04-13,North,Software,Gizmo B,51.55,122
2024-04-20,North,Software,Gizmo B,48.38,136
2024-04-26,North,Software,Gizmo B,52.38,126
2024-01-20,East,Software,Gizmo A,55.23,119
2024-01-20,East,Software,Gizmo A,58.05,92
2024-02-17,East,Software,Gizmo A,50.18,103
2024-02-24,East,Software,Gizmo A,53.99,116
2024-02-15,East,Software,Gizmo A,54.74,95
2024-01-31,East,Software,Gizmo A,55.74,91
2024-02-19,East,Software,Gizmo A,51.58,111
2024-03-23,East,Software,Gizmo A,56.18,95
2024-03-02,East,Software,Gizmo A,51.51,129
2024-03-31,East,Software,Gizmo A,57.98,97
2024-04-26,East,Software,Gizmo A,51.47,127
2024-05-14,East,Software,Gizmo A,55.64,101
2024-05-14,East,Software,Gizmo A,65.75,87
2024-05-04,East,Software,Gizmo A,68.37,68
2024-05-31,East,Software,Gizmo A,60.44,104
2024-06-11,East,Software,Gizmo A,67.83,107
2024-01-14,West,Accessories,Case Max,19.95,117
2024-01-28,West,Accessories,Case Max,17.02,105
2024-01-15,West,Accessories,Case Max,23.17,103
2024-01-14,West,Accessories,Case Max,20.03,100
2024-02-17,West,Accessories,Case Max,23.22,93
2024-02-25,West,Accessories,Case Max,21.81,97
2024-03-18,West,Accessories,Case Max,18.27,78
2024-03-09,West,Accessories,Case Max,21.14,74
2024-03-19,West,Accessories,Case Max,17.15,94
2024-05-14,West,Accessories,Case Max,23.15,122
2024-05-01,West,Accessories,Case Max,18.1,100
2024-06-11,West,Accessories,Case Max,20.62,66
2024-01-13,East,Hardware,Gizmo A,93.94,95
2024-01-13,East,Hardware,Gizmo A,122.07,103
2024-01-08,East,Hardware,Gizmo A,129.65,71
2024-02-05,East,Hardware,Gizmo A,102.28,123
2024-02-07,East,Hardware,Gizmo A,89.06,126
2024-03-25,East,Hardware,Gizmo A,105.4,93
2024-03-09,East,Hardware,Gizmo A,131.63,77
2024-03-11,East,Hardware,Gizmo A,118.05,96
2024-03-14,East,Hardware,Gizmo A,110.49,70
2024-04-09,East,Hardware,Gizmo A,113.79,97
2024-04-22,East,Hardware,Gizmo A,108.3,60
2024-04-15,East,Hardware,Gizmo A,105.09,77
2024-05-05,East,Hardware,Gizmo A,110.67,89
2024-05-13,East,Hardware,Gizmo A,104.69,114
2024-05-02,East,Hardware,Gizmo A,119.0,96
2024-05-27,East,Hardware,Gizmo A,108.14,106
2024-06-07,East,Hardware,Gizmo A,107.14,122
2024-06-25,East,Hardware,Gizmo A,88.16,114
2024-01-14,North,Accessories,Gizmo A,23.04,102
2024-01-25,North,Accessories,Gizmo A,16.81,96
2024-01-25,North,Accessories,Gizmo A,17.3,107
2024-02-19,North,Accessories,Gizmo A,22.59,62
2024-02-22,North,Accessories,Gizmo A,17.15,102
2024-03-21,North,Accessories,Gizmo A,21.86,141
2024-03-18,North,Accessories,Gizmo A,21.66,115
2024-04-05,North,Accessories,Gizmo A,16.1,125
2024-04-15,North,Accessories,Gizmo A,22.0,109
2024-05-07,North,Accessories,Gizmo A,21.54,97
2024-05-26,North,Accessories,Gizmo A,22.12,103
2024-05-04,North,Accessories,Gizmo A,23.54,88
2024-05-25,North,Accessories,Gizmo A,16.56,86
2024-06-15,North,Accessories,Gizmo A,16.92,114
2024-01-21,South,Software,Gizmo B,51.33,114
2024-01-17,South,Software,Gizmo B,54.27,83
2024-02-02,South,Software,Gizmo B,63.51,109
2024-02-08,South,Software,Gizmo B,53.35,89
2024-02-13,South,Software,Gizmo B,70.83,60
2024-03-22,South,Software,Gizmo B,65.05,119
2024-03-09,South,Software,Gizmo B,60.68,94
2024-03-28,South,Software,Gizmo B,60.59,110
2024-03-14,South,Software,Gizmo B,57.36,94
2024-03-05,South,Software,Gizmo B,56.21,122
2024-04-19,South,Software,Gizmo B,61.2,98
2024-05-27,South,Software,Gizmo B,53.48,115
2024-05-01,South,Software,Gizmo B,71.8,90
2024-05-22,South,Software,Gizmo B,58.74,89
2024-05-26,South,Software,Gizmo B,71.39,99
2024-06-26,South,Software,Gizmo B,63.72,117
2024-06-10,South,Software,Gizmo B,49.88,91
2024-01-14,West,Accessories,Cable Pro,19.35,122
2024-01-16,West,Accessories,Cable Pro,19.76,103
2024-01-17,West,Accessories,Cable Pro,22.57,105
2024-01-23,West,Accessories,Cable Pro,23.53,108
2024-01-23,West,Accessories,Cable Pro,24.0,107
2024-02-06,West,Accessories,Cable Pro,17.92,119
2024-02-16,West,Accessories,Cable Pro,18.6,95
2024-03-10,West,Accessories,Cable Pro,23.99,86
2024-03-14,West,Accessories,Cable Pro,18.05,107
2024-03-17,West,Accessories,Cable Pro,16.43,74
2024-03-26,West,Accessories,Cable Pro,23.13,127
2024-03-06,West,Accessories,Cable Pro,17.06,114
2024-04-14,West,Accessories,Cable Pro,20.7,100
2024-04-05,West,Accessories,Cable Pro,17.0,114
2024-04-24,West,Accessories,Cable Pro,22.02,94
2024-05-27,West,Accessories,Cable Pro,19.66,130
2024-05-21,West,Accessories,Cable Pro,22.27,88
2024-06-17,West,Accessories,Cable Pro,17.66,110
2024-05-31,West,Accessories,Cable Pro,17.09,97
2024-05-31,West,Accessories,Cable Pro,21.07,90
2024-01-08,East,Software,Widget X,65.6,62
2024-01-16,East,Software,Widget X,49.73,115
2024-01-18,East,Software,Widget X,49.05,125
2024-02-15,East,Software,Widget X,58.84,97
2024-02-17,East,Software,Widget X,69.52,130
2024-02-22,East,Software,Widget X,61.16,88
2024-03-22,East,Software,Widget X,60.68,74
2024-03-21,East,Software,Widget X,60.64,100
2024-03-17,East,Software,Widget X,57.96,110
2024-04-12,East,Software,Widget X,52.56,113
2024-04-04,East,Software,Widget X,59.09,95
2024-04-25,East,Software,Widget X,56.65,101
2024-04-17,East,Software,Widget X,55.96,102
2024-04-16,East,Software,Widget X,54.5,105
2024-05-02,East,Software,Widget X,63.48,113
2024-05-12,East,Software,Widget X,51.73,115
2024-05-02,East,Software,Widget X,57.43,115
2024-06-03,East,Software,Widget X,61.86,86
2024-06-20,East,Software,Widget X,63.59,73
2024-06-21,East,Software,Widget X,53.39,104
2024-01-22,South,Software,Gizmo A,71.22,84
2024-01-06,South,Software,Gizmo A,49.84,102
2024-01-14,South,Software,Gizmo A,53.45,125
2024-01-09,South,Software,Gizmo A,56.68,113
2024-02-03,South,Software,Gizmo A,69.68,84
2024-03-19,South,Software,Gizmo A,54.97,108
2024-03-05,South,Software,Gizmo A,57.83,95
2024-03-23,South,Software,Gizmo A,68.92,104
2024-03-18,South,Software,Gizmo A,70.62,80
2024-03-02,South,Software,Gizmo A,67.43,96
2024-03-09,South,Software,Gizmo A,57.39,102
2024-04-05,South,Software,Gizmo A,60.88,107
2024-04-06,South,Software,Gizmo A,51.86,114
2024-06-26,South,Software,Gizmo A,52.62,100
2024-06-16,South,Software,Gizmo A,59.68,112
2024-06-12,South,Software,Gizmo A,66.96,117
2024-06-09,South,Software,Gizmo A,71.69,73
2024-06-10,South,Software,Gizmo A,54.09,91
2024-01-22,East,Software,Widget Y,69.54,98
2024-01-31,East,Software,Widget Y,59.35,106
2024-02-12,East,Software,Widget Y,49.4,131
2024-02-11,East,Software,Widget Y,53.91,128
2024-02-27,East,Software,Widget Y,68.83,101
2024-03-11,East,Software,Widget Y,53.69,81
2024-03-10,East,Software,Widget Y,63.22,74
2024-04-21,East,Software,Widget Y,63.33,79
2024-04-04,East,Software,Widget Y,71.29,101
2024-03-31,East,Software,Widget Y,64.37,111
2024-05-05,East,Software,Widget Y,67.39,102
2024-05-07,East,Software,Widget Y,62.08,102
2024-05-01,East,Software,Widget Y,70.78,81
2024-05-22,East,Software,Widget Y,58.21,123
2024-06-16,East,Software,Widget Y,60.43,92
2024-06-26,East,Software,Widget Y,56.0,103
2024-06-03,East,Software,Widget Y,63.08,112
2024-06-08,East,Software,Widget Y,68.68,98
2024-06-14,East,Software,Widget Y,60.04,91
2024-01-11,South,Software,Widget Y,65.57,95
2024-01-14,South,Software,Widget Y,59.51,92
2024-01-08,South,Software,Widget Y,52.53,95
2024-01-06,South,Software,Widget Y,64.34,106
2024-02-02,South,Software,Widget Y,56.82,80
2024-02-22,South,Software,Widget Y,63.05,77
2024-02-25,South,Software,Widget Y,63.69,101
2024-03-17,South,Software,Widget Y,60.31,139
2024-03-22,South,Software,Widget Y,50.19,123
2024-03-18,South,Software,Widget Y,52.43,113
2024-04-02,South,Software,Widget Y,64.51,104
2024-04-02,South,Software,Widget Y,55.43,102
2024-04-30,South,Software,Widget Y,50.42,104
2024-05-27,South,Software,Widget Y,56.64,86
2024-05-17,South,Software,Widget Y,64.29,111
2024-05-31,South,Software,Widget Y,57.08,112
2024-06-08,South,Software,Widget Y,67.52,131
2024-06-15,South,Software,Widget Y,48.26,126
2024-05-31,South,Software,Widget Y,49.91,113
2024-01-01,East,Hardware,Widget Y,117.33,99
2024-01-01,East,Hardware,Widget Y,130.84,68
2024-01-21,East,Hardware,Widget Y,117.13,84
2024-01-07,East,Hardware,Widget Y,131.29,95
2024-02-19,East,Hardware,Widget Y,129.62,75
2024-03-18,East,Hardware,Widget Y,126.96,91
2024-03-10,East,Hardware,Widget Y,92.63,123
2024-03-14,East,Hardware,Widget Y,131.46,68
2024-03-07,East,Hardware,Widget Y,116.36,103
2024-03-02,East,Hardware,Widget Y,126.07,55
2024-03-27,East,Hardware,Widget Y,117.38,84
2024-04-02,East,Hardware,Widget Y,122.6,58
2024-04-07,East,Hardware,Widget Y,122.74,104
2024-04-09,East,Hardware,Widget Y,92.31,126
2024-04-24,East,Hardware,Widget Y,105.6,86
2024-04-11,East,Hardware,Widget Y,101.7,114
2024-05-07,East,Hardware,Widget Y,128.82,94
2024-05-06,East,Hardware,Widget Y,107.16,87
2024-06-21,East,Hardware,Widget Y,89.68,149
2024-06-17,East,Hardware,Widget Y,90.72,145
2024-06-17,East,Hardware,Widget Y,108.1,116
2024-06-10,East,Hardware,Widget Y,102.44,125
2024-01-03,East,Accessories,Cable Pro,20.98,91
2024-01-26,East,Accessories,Cable Pro,22.49,104
2024-02-24,East,Accessories,Cable Pro,22.56,104
2024-02-05,East,Accessories,Cable Pro,21.15,108
2024-03-09,East,Accessories,Cable Pro,18.8,111
2024-04-11,East,Accessories,Cable Pro,21.53,65
2024-04-10,East,Accessories,Cable Pro,23.24,89
2024-05-07,East,Accessories,Cable Pro,19.68,117
2024-05-23,East,Accessories,Cable Pro,18.3,100
2024-05-31,East,Accessories,Cable Pro,19.43,113
2024-06-01,East,Accessories,Cable Pro,19.38,100
2024-06-20,East,Accessories,Cable Pro,20.81,93
2024-01-13,West,Software,Cable Pro,65.76,93
2024-01-08,West,Software,Cable Pro,49.27,119
2024-01-07,West,Software,Cable Pro,56.86,100
2024-01-04,West,Software,Cable Pro,53.92,83
2024-01-06,West,Software,Cable Pro,68.05,86
2024-01-13,West,Software,Cable Pro,50.64,89
2024-02-21,West,Software,Cable Pro,70.62,89
2024-03-23,West,Software,Cable Pro,48.95,126
2024-03-28,West,Software,Cable Pro,67.91,86
2024-05-22,West,Software,Cable Pro,66.02,84
2024-05-06,West,Software,Cable Pro,71.51,102
2024-05-05,West,Software,Cable Pro,64.69,83
2024-05-12,West,Software,Cable Pro,48.71,121
2024-05-08,West,Software,Cable Pro,58.63,97
2024-05-16,West,Software,Cable Pro,55.47,117
2024-06-23,West,Software,Cable Pro,68.53,89
2024-06-03,West,Software,Cable Pro,50.62,151
2024-06-02,West,Software,Cable Pro,48.71,140
2024-01-07,South,Software,Widget X,69.45,90
2024-01-15,South,Software,Widget X,69.49,103
2024-01-04,South,Software,Widget X,53.66,130
2024-01-01,South,Software,Widget X,50.24,120
2024-01-21,South,Software,Widget X,52.93,112
2024-02-12,South,Software,Widget X,63.64,87
2024-02-12,South,Software,Widget X,70.46,103
2024-02-12,South,Software,Widget X,61.39,99
2024-01-31,South,Software,Widget X,52.79,97
2024-03-24,South,Software,Widget X,59.51,94
2024-03-02,South,Software,Widget X,59.65,116
2024-03-19,South,Software,Widget X,51.36,95
2024-03-26,South,Software,Widget X,71.92,92
2024-03-22,South,Software,Widget X,51.17,104
2024-04-23,South,Software,Widget X,61.71,130
2024-04-15,South,Software,Widget X,57.51,101
2024-06-10,South,Software,Widget X,70.82,64
2024-06-18,South,Software,Widget X,58.55,100
2024-05-31,South,Software,Widget X,65.5,111
2024-01-19,East,Accessories,Gizmo B,20.1,96
2024-01-15,East,Accessories,Gizmo B,19.86,105
2024-01-02,East,Accessories,Gizmo B,19.13,102
2024-02-14,East,Accessories,Gizmo B,20.23,135
2024-02-27,East,Accessories,Gizmo B,19.48,88
2024-02-20,East,Accessories,Gizmo B,17.5,93
2024-02-01,East,Accessories,Gizmo B,16.81,97
2024-03-12,East,Accessories,Gizmo B,20.47,96
2024-03-23,East,Accessories,Gizmo B,17.2,113
2024-03-11,East,Accessories,Gizmo B,16.9,120
2024-04-24,East,Accessories,Gizmo B,21.18,99
2024-04-25,East,Accessories,Gizmo B,16.22,97
2024-04-18,East,Accessories,Gizmo B,16.3,102
2024-04-21,East,Accessories,Gizmo B,23.87,97
2024-04-10,East,Accessories,Gizmo B,16.66,116
2024-05-09,East,Accessories,Gizmo B,18.33,89
2024-05-24,East,Accessories,Gizmo B,21.72,84
2024-05-05,East,Accessories,Gizmo B,16.4,105
2024-05-22,East,Accessories,Gizmo B,18.61,88
2024-06-15,East,Accessories,Gizmo B,16.53,101
