cases/pricing_optimization/data/data.csv
date,region,category,product,price,units_sold
2024-01-21,East,Software,Case Max,71.34,90
2024-01-25,East,Software,Case Max,52.47,112
2024-01-16,East,Software,Case Max,70.93,114
2024-01-14,East,Software,Case Max,51.13,117
2024-01-21,East,Software,Case Max,57.5,98
2024-02-27,East,Software,Case Max,70.5,99
2024-02-25,East,Software,Case Max,58.45,117
2024-03-04,East,Software,Case Max,65.37,81
2024-03-08,East,Software,Case Max,70.94,62
2024-04-04,East,Software,Case Max,67.93,91
2024-04-22,East,Software,Case Max,64.89,119
2024-05-05,East,Software,Case Max,63.95,100
2024-05-17,East,Software,Case Max,69.53,81
2024-05-13,East,Software,Case Max,48.78,118
2024-06-26,East,Software,Case Max,59.76,88
2024-01-22,North,Hardware,Case Max,105.57,104
2024-01-07,North,Hardware,Case Max,114.5,70
2024-01-14,North,Hardware,Case Max,111.51,108
2024-01-01,North,Hardware,Case Max,118.37,79
2024-01-15,North,Hardware,Case Max,131.28,71
2024-01-24,North,Hardware,Case Max,129.45,66
2024-02-23,North,Hardware,Case Max,126.7,65
2024-02-17,North,Hardware,Case Max,123.88,77
2024-03-20,North,Hardware,Case Max,123.26,87
2024-03-24,North,Hardware,Case Max,94.31,133
2024-03-01,North,Hardware,Case Max,90.18,120
2024-03-06,North,Hardware,Case Max,126.82,64
2024-04-07,North,Hardware,Case Max,128.17,69
2024-04-13,North,Hardware,Case Max,97.76,121
2024-04-24,North,Hardware,Case Max,111.11,117
2024-05-24,North,Hardware,Case Max,106.96,110
2024-05-19,North,Hardware,Case Max,91.39,143
2024-05-27,North,Hardware,Case Max,116.42,85
2024-05-05,North,Hardware,Case Max,125.8,61
2024-06-04,North,Hardware,Case Max,101.33,91
2024-06-01,North,Hardware,Case Max,130.42,97
2024-06-12,North,Hardware,Case Max,107.63,118
2024-01-28,North,Accessories,Cable Pro,19.33,82
2024-01-17,North,Accessories,Cable Pro,21.52,78
2024-02-26,North,Accessories,Cable Pro,21.12,96
2024-02-16,North,Accessories,Cable Pro,20.14,71
2024-02-03,North,Accessories,Cable Pro,21.4,105
2024-02-07,North,Accessories,Cable Pro,16.5,121
2024-03-03,North,Accessories,Cable Pro,23.32,83
2024-03-02,North,Accessories,Cable Pro,23.95,125
2024-05-10,North,Accessories,Cable Pro,17.67,96
2024-06-02,North,Accessories,Cable Pro,21.11,104
2024-06-04,North,Accessories,Cable Pro,22.69,113
2024-06-07,North,Accessories,Cable Pro,22.77,94
2024-06-13,North,Accessories,Cable Pro,21.26,110
2024-06-09,North,Accessories,Cable Pro,20.5,96
2024-01-13,South,Accessories,Gizmo B,16.78,87
2024-01-02,South,Accessories,Gizmo B,22.02,93
2024-02-15,South,Accessories,Gizmo B,18.37,112
2024-02-12,South,Accessories,Gizmo B,19.07,92
2024-01-31,South,Accessories,Gizmo B,19.89,118
2024-02-02,South,Accessories,Gizmo B,22.99,110
2024-02-02,South,Accessories,Gizmo B,17.89,85
2024-02-23,South,Accessories,Gizmo B,19.22,77
2024-02-16,South,Accessories,Gizmo B,22.22,100
2024-03-08,South,Accessories,Gizmo B,22.33,114
2024-03-16,South,Accessories,Gizmo B,23.52,134
2024-03-26,South,Accessories,Gizmo B,20.97,114
2024-05-25,South,Accessories,Gizmo B,18.86,93
2024-05-05,South,Accessories,Gizmo B,20.12,86
2024-05-27,South,Accessories,Gizmo B,18.17,88
2024-05-21,South,Accessories,Gizmo B,23.84,81
2024-06-21,South,Accessories,Gizmo B,18.1,101
2024-06-08,South,Accessories,Gizmo B,22.45,52
2024-06-04,South,Accessories,Gizmo B,16.19,110
2024-01-16,South,Accessories,Widget Y,16.43,115
2024-01-28,South,Accessories,Widget Y,19.87,99
2024-01-28,South,Accessories,Widget Y,23.42,108
2024-02-27,South,Accessories,Widget Y,19.81,104
2024-02-26,South,Accessories,Widget Y,22.88,90
2024-02-26,South,Accessories,Widget Y,20.9,114
2024-02-03,South,Accessories,Widget Y,22.56,107
2024-02-07,South,Accessories,Widget Y,19.62,103
2024-03-10,South,Accessories,Widget Y,18.58,105
2024-03-08,South,Accessories,Widget Y,18.78,95
2024-04-01,South,Accessories,Widget Y,19.68,114
2024-04-03,South,Accessories,Widget Y,21.89,99
2024-04-16,South,Accessories,Widget Y,18.71,113
2024-04-01,South,Accessories,Widget Y,17.14,110
2024-03-31,South,Accessories,Widget Y,18.75,110
2024-05-17,South,Accessories,Widget Y,17.68,104
2024-05-14,South,Accessories,Widget Y,16.57,107
2024-05-02,South,Accessories,Widget Y,21.97,95
2024-05-10,South,Accessories,Widget Y,18.21,92
2024-05-04,South,Accessories,Widget Y,20.1,105
2024-05-07,South,Accessories,Widget Y,20.14,108
2024-05-31,South,Accessories,Widget Y,18.34,90
2024-06-01,South,Accessories,Widget Y,17.62,94
2024-06-10,South,Accessories,Widget Y,17.04,129
2024-01-23,West,Accessories,Gizmo B,19.3,79
2024-01-05,West,Accessories,Gizmo B,23.6,86
2024-01-23,West,Accessories,Gizmo B,16.63,82
2024-03-24,West,Accessories,Gizmo B,19.8,104
2024-03-14,West,Accessories,Gizmo B,21.11,104
2024-04-22,West,Accessories,Gizmo B,19.76,97
2024-05-12,West,Accessories,Gizmo B,17.9,94
2024-05-05,West,Accessories,Gizmo B,23.47,85
2024-06-05,West,Accessories,Gizmo B,22.86,87
2024-01-16,North,Software,Cable Pro,52.13,116
2024-02-07,North,Software,Cable Pro,62.59,114
2024-02-20,North,Software,Cable Pro,58.54,84
2024-02-25,North,Software,Cable Pro,60.17,108
2024-02-09,North,Software,Cable Pro,64.96,111
2024-03-10,North,Software,Cable Pro,62.28,107
2024-03-07,North,Software,Cable Pro,64.84,106
2024-03-31,North,Software,Cable Pro,52.72,114
2024-04-08,North,Software,Cable Pro,51.82,110
2024-05-14,North,Software,Cable Pro,69.06,84
2024-05-07,North,Software,Cable Pro,66.38,104
2024-05-17,North,Software,Cable Pro,65.43,102
2024-06-22,North,Software,Cable Pro,54.59,110
2024-06-02,North,Software,Cable Pro,50.8,103
2024-06-14,North,Software,Cable Pro,57.43,102
2024-06-16,North,Software,Cable Pro,53.17,99
2024-01-28,South,Hardware,Gizmo A,116.83,83
2024-01-26,South,Hardware,Gizmo A,106.73,99
2024-02-18,South,Hardware,Gizmo A,99.04,111
2024-02-03,South,Hardware,Gizmo A,106.26,120
2024-02-27,South,Hardware,Gizmo A,88.9,142
2024-03-10,South,Hardware,Gizmo A,90.05,135
2024-03-11,South,Hardware,Gizmo A,112.7,83
2024-03-25,South,Hardware,Gizmo A,94.63,104
2024-04-19,South,Hardware,Gizmo A,112.56,101
2024-05-03,South,Hardware,Gizmo A,104.21,115
2024-05-02,South,Hardware,Gizmo A,95.93,143
2024-06-22,South,Hardware,Gizmo A,102.96,108
2024-06-07,South,Hardware,Gizmo A,90.67,127
2024-01-17,South,Hardware,Gizmo B,124.24,82
2024-02-24,South,Hardware,Gizmo B,94.65,120
2024-01-31,South,Hardware,Gizmo B,102.98,107
2024-02-10,South,Hardware,Gizmo B,115.33,106
2024-02-17,South,Hardware,Gizmo B,117.99,76
2024-03-21,South,Hardware,Gizmo B,110.84,90
2024-03-15,South,Hardware,Gizmo B,91.33,110
2024-04-21,South,Hardware,Gizmo B,107.34,96
2024-04-30,South,Hardware,Gizmo B,101.98,99
2024-05-25,South,Hardware,Gizmo B,91.37,129
2024-05-31,South,Hardware,Gizmo B,113.02,90
2024-06-08,South,Hardware,Gizmo B,101.06,94
2024-01-24,West,Hardware,Widget X,95.95,118
2024-01-03,West,Hardware,Widget X,101.56,121
2024-01-08,West,Hardware,Widget X,91.67,133
2024-01-10,West,Hardware,Widget X,123.54,55
2024-02-20,West,Hardware,Widget X,107.78,82
2024-02-25,West,Hardware,Widget X,130.44,90
2024-02-19,West,Hardware,Widget X,106.37,96
2024-02-15,West,Hardware,Widget X,108.29,96
2024-02-20,West,Hardware,Widget X,119.22,102
2024-03-11,West,Hardware,Widget X,123.21,95
2024-04-19,West,Hardware,Widget X,126.9,120
2024-04-15,West,Hardware,Widget X,110.85,98
2024-04-23,West,Hardware,Widget X,114.39,78
2024-04-12,West,Hardware,Widget X,101.95,120
2024-04-16,West,Hardware,Widget X,120.02,89
2024-05-15,West,Hardware,Widget X,109.37,97
2024-05-20,West,Hardware,Widget X,121.14,87
2024-06-01,West,Hardware,Widget X,122.49,87
2024-06-17,West,Hardware,Widget X,130.01,90
2024-06-11,West,Hardware,Widget X,110.19,102
2024-06-18,West,Hardware,Widget X,105.5,108
2024-06-04,West,Hardware,Widget X,129.68,58
2024-06-21,West,Hardware,Widget X,89.52,133
2024-01-16,West,Accessories,Widget Y,16.13,99
2024-01-21,West,Accessories,Widget Y,19.08,122
2024-01-01,West,Accessories,Widget Y,17.02,83
2024-02-26,West,Accessories,Widget Y,22.13,81
2024-02-06,West,Accessories,Widget Y,17.32,106
2024-03-20,West,Accessories,Widget Y,18.27,116
2024-04-05,West,Accessories,Widget Y,22.5,84
2024-04-04,West,Accessories,Widget Y,21.6,100
2024-04-09,West,Accessories,Widget Y,23.04,87
2024-04-09,West,Accessories,Widget Y,16.82,97
2024-05-26,West,Accessories,Widget Y,23.35,97
2024-05-17,West,Accessories,Widget Y,20.81,54
2024-05-26,West,Accessories,Widget Y,22.72,81
2024-05-27,West,Accessories,Widget Y,17.77,108
2024-05-05,West,Accessories,Widget Y,16.91,90
2024-06-20,West,Accessories,Widget Y,23.36,78
2024-06-21,West,Accessories,Widget Y,19.66,80
2024-06-12,West,Accessories,Widget Y,23.83,89
2024-06-18,West,Accessories,Widget Y,16.39,81
2024-01-25,North,Accessories,Gizmo B,16.68,94
2024-01-03,North,Accessories,Gizmo B,17.53,148
2024-02-14,North,Accessories,Gizmo B,19.15,87
2024-03-17,North,Accessories,Gizmo B,18.83,80
2024-03-09,North,Accessories,Gizmo B,16.68,131
2024-03-10,North,Accessories,Gizmo B,18.5,52
2024-03-15,North,Accessories,Gizmo B,16.79,113
2024-03-12,North,Accessories,Gizmo B,20.87,98
2024-04-15,North,Accessories,Gizmo B,17.29,129
2024-04-18,North,Accessories,Gizmo B,22.46,98
2024-04-09,North,Accessories,Gizmo B,20.97,116
2024-04-21,North,Accessories,Gizmo B,17.84,75
2024-05-17,North,Accessories,Gizmo B,23.26,70
2024-06-23,North,Accessories,Gizmo B,23.18,89
2024-06-10,North,Accessories,Gizmo B,23.47,71
2024-06-13,North,Accessories,Gizmo B,19.3,101
2024-01-28,South,Hardware,Widget X,95.0,128
2024-01-02,South,Hardware,Widget X,117.27,96
2024-01-07,South,Hardware,Widget X,96.14,117
2024-02-20,South,Hardware,Widget X,108.22,98
2024-03-17,South,Hardware,Widget X,110.48,112
2024-03-21,South,Hardware,Widget X,97.73,89
2024-03-18,South,Hardware,Widget X,116.17,101
2024-04-25,South,Hardware,Widget X,119.11,62
2024-04-26,South,Hardware,Widget X,126.41,76
2024-05-26,South,Hardware,Widget X,101.71,99
2024-06-07,South,Hardware,Widget X,89.96,122
2024-01-27,West,Hardware,Gizmo B,130.41,70
2024-01-24,West,Hardware,Gizmo B,107.04,98
2024-01-02,West,Hardware,Gizmo B,123.59,101
2024-01-05,West,Hardware,Gizmo B,125.64,97
2024-01-01,West,Hardware,Gizmo B,103.42,109
2024-02-26,West,Hardware,Gizmo B,131.93,76
2024-03-09,West,Hardware,Gizmo B,124.79,97
2024-03-22,West,Hardware,Gizmo B,99.56,118
2024-04-08,West,Hardware,Gizmo B,100.1,117
2024-04-14,West,Hardware,Gizmo B,105.42,96
2024-04-04,West,Hardware,Gizmo B,109.51,97
2024-04-23,West,Hardware,Gizmo B,123.43,92
2024-05-13,West,Hardware,Gizmo B,96.92,116
2024-05-13,West,Hardware,Gizmo B,101.32,107
2024-05-08,West,Hardware,Gizmo B,129.13,70
2024-05-07,West,Hardware,Gizmo B,119.36,116
2024-06-13,West,Hardware,Gizmo B,93.72,129
2024-06-25,West,Hardware,Gizmo B,94.57,92
2024-06-07,West,Hardware,Gizmo B,129.91,67
2024-06-19,West,Hardware,Gizmo B,123.1,85
2024-01-18,North,Accessories,Case Max,17.29,126
2024-01-21,North,Accessories,Case Max,19.55,135
2024-02-10,North,Accessories,Case Max,21.22,103
2024-02-11,North,Accessories,Case Max,23.19,110
2024-02-05,North,Accessories,Case Max,22.58,81
2024-02-27,North,Accessories,Case Max,16.42,105
2024-03-08,North,Accessories,Case Max,20.73,93
2024-03-04,North,Accessories,Case Max,16.76,88
2024-03-28,North,Accessories,Case Max,18.58,99
2024-03-09,North,Accessories,Case Max,21.51,93
2024-04-11,North,Accessories,Case Max,16.52,82
2024-05-06,North,Accessories,Case Max,22.42,93
2024-05-24,North,Accessories,Case Max,21.04,93
2024-05-06,North,Accessories,Case Max,23.79,116
2024-06-12,North,Accessories,Case Max,22.84,83
2024-06-23,North,Accessories,Case Max,16.12,85
2024-01-10,North,Software,Widget X,54.86,94
2024-01-18,North,Software,Widget X,68.55,100
2024-01-11,North,Software,Widget X,68.32,122
2024-01-20,North,Software,Widget X,60.33,80
2024-01-11,North,Software,Widget X,68.37,112
2024-03-26,North,Software,Widget X,69.79,101
2024-03-21,North,Software,Widget X,57.67,109
2024-03-27,North,Software,Widget X,59.5,101
2024-04-02,North,Software,Widget X,60.55,92
2024-04-08,North,Software,Widget X,65.58,84
2024-04-08,North,Software,Widget X,63.83,122
2024-03-31,North,Software,Widget X,49.91,122
2024-05-16,North,Software,Widget X,56.89,106
2024-05-02,North,Software,Widget X,51.36,119
2024-05-25,North,Software,Widget X,59.74,101
2024-05-23,North,Software,Widget X,57.78,105
2024-05-27,North,Software,Widget X,67.68,103
2024-06-10,North,Software,Widget X,51.74,112
2024-06-06,North,Software,Widget X,64.2,97
2024-06-01,North,Software,Widget X,49.67,109
2024-06-18,North,Software,Widget X,62.59,111
2024-06-13,North,Software,Widget X,68.65,95
2024-06-01,North,Software,Widget X,69.32,116
2024-01-03,North,Accessories,Widget X,17.25,116
2024-01-10,North,Accessories,Widget X,22.1,101
2024-01-12,North,Accessories,Widget X,23.55,99
2024-01-06,North,Accessories,Widget X,18.71,84
2024-02-23,North,Accessories,Widget X,20.96,112
2024-03-10,North,Accessories,Widget X,16.3,128
2024-04-10,North,Accessories,Widget X,21.74,87
2024-05-03,North,Accessories,Widget X,18.6,83
2024-05-08,North,Accessories,Widget X,20.35,113
2024-05-17,North,Accessories,Widget X,18.02,85
2024-06-19,North,Accessories,Widget X,21.67,107
2024-06-23,North,Accessories,Widget X,18.01,98
2024-01-24,West,Software,Case Max,70.83,73
2024-01-18,West,Software,Case Max,51.54,113
2024-01-14,West,Software,Case Max,58.31,80
2024-01-28,West,Software,Case Max,50.2,102
2024-02-09,West,Software,Case Max,52.65,111
2024-02-22,West,Software,Case Max,48.03,99
2024-03-25,West,Software,Case Max,53.07,92
2024-03-28,West,Software,Case Max,60.86,91
2024-03-12,West,Software,Case Max,56.85,103
2024-04-06,West,Software,Case Max,48.45,104
2024-05-16,West,Software,Case Max,54.54,128
2024-05-12,West,Software,Case Max,63.3,95
2024-05-25,West,Software,Case Max,50.89,116
2024-05-09,West,Software,Case Max,67.95,85
2024-05-08,West,Software,Case Max,51.03,75
2024-06-02,West,Software,Case Max,59.27,88
2024-06-02,West,Software,Case Max,62.5,78
2024-01-12,South,Accessories,Case Max,19.6,98
2024-01-01,South,Accessories,Case Max,21.75,96
2024-01-15,South,Accessories,Case Max,18.23,100
2024-01-16,South,Accessories,Case Max,17.0,111
2024-02-26,South,Accessories,Case Max,16.81,107
2024-02-27,South,Accessories,Case Max,23.84,106
2024-02-20,South,Accessories,Case Max,18.96,119
2024-02-23,South,Accessories,Case Max,18.31,86
2024-03-26,South,Accessories,Case Max,21.92,73
2024-03-11,South,Accessories,Case Max,17.48,117
2024-03-21,South,Accessories,Case Max,18.16,87
2024-03-05,South,Accessories,Case Max,22.95,108
2024-03-24,South,Accessories,Case Max,19.79,90
2024-03-27,South,Accessories,Case Max,17.89,92
2024-04-03,South,Accessories,Case Max,18.82,110
2024-04-26,South,Accessories,Case Max,23.98,106
2024-05-26,South,Accessories,Case Max,18.31,102
2024-05-20,South,Accessories,Case Max,17.88,100
2024-05-01,South,Accessories,Case Max,21.93,94
2024-05-14,South,Accessories,Case Max,23.67,77
2024-05-30,South,Accessories,Case Max,20.47,96
2024-05-30,South,Accessories,Case Max,19.64,111
2024-06-16,South,Accessories,Case Max,19.19,98
2024-06-25,South,Accessories,Case Max,21.77,96
2024-01-06,South,Software,Case Max,50.11,76
2024-01-24,South,Software,Case Max,64.79,97
2024-02-21,South,Software,Case Max,58.32,112
2024-03-04,South,Software,Case Max,56.08,106
2024-03-06,South,Software,Case Max,56.58,98
2024-04-09,South,Software,Case Max,69.46,110
2024-04-22,South,Software,Case Max,66.32,91
2024-04-16,South,Software,Case Max,65.75,78
2024-05-10,South,Software,Case Max,50.35,108
2024-05-03,South,Software,Case Max,66.68,118
2024-06-17,South,Software,Case Max,57.35,117
2024-06-22,South,Software,Case Max,53.45,77
2024-01-28,West,Accessories,Gizmo A,21.07,83
2024-01-06,West,Accessories,Gizmo A,16.7,113
2024-01-01,West,Accessories,Gizmo A,20.71,75
2024-01-22,West,Accessories,Gizmo A,18.67,109
2024-02-19,West,Accessories,Gizmo A,23.39,86
2024-02-03,West,Accessories,Gizmo A,20.68,96
2024-02-03,West,Accessories,Gizmo A,16.13,116
2024-02-09,West,Accessories,Gizmo A,23.66,80
2024-02-26,West,Accessories,Gizmo A,17.48,114
2024-02-27,West,Accessories,Gizmo A,21.05,105
2024-03-07,West,Accessories,Gizmo A,17.81,112
2024-03-18,West,Accessories,Gizmo A,22.5,98
2024-03-11,West,Accessories,Gizmo A,23.71,100
2024-03-03,West,Accessories,Gizmo A,16.16,131
2024-03-25,West,Accessories,Gizmo A,17.58,118
2024-03-21,West,Accessories,Gizmo A,23.76,94
2024-03-17,West,Accessories,Gizmo A,23.71,88
2024-04-02,West,Accessories,Gizmo A,22.78,116
2024-04-17,West,Accessories,Gizmo A,23.49,59
2024-04-20,West,Accessories,Gizmo A,20.85,57
2024-05-23,West,Accessories,Gizmo A,16.05,97
2024-05-04,West,Accessories,Gizmo A,21.67,83
2024-05-21,West,Accessories,Gizmo A,16.06,95
2024-06-12,West,Accessories,Gizmo A,17.35,94
2024-06-13,West,Accessories,Gizmo A,21.81,98
2024-06-06,West,Accessories,Gizmo A,17.64,94
2024-06-18,West,Accessories,Gizmo A,16.45,89
2024-01-27,West,Hardware,Case Max,112.98,74
2024-01-06,West,Hardware,Case Max,108.13,91
2024-01-18,West,Hardware,Case Max,130.49,65
2024-02-26,West,Hardware,Case Max,127.41,117
2024-02-18,West,Hardware,Case Max,118.45,90
2024-02-05,West,Hardware,Case Max,109.44,92
2024-02-24,West,Hardware,Case Max,126.83,77
2024-04-14,West,Hardware,Case Max,95.62,115
2024-03-31,West,Hardware,Case Max,103.1,115
2024-04-02,West,Hardware,Case Max,106.02,105
2024-04-22,West,Hardware,Case Max,114.76,123
2024-04-16,West,Hardware,Case Max,119.39,98
2024-04-07,West,Hardware,Case Max,127.64,100
2024-05-16,West,Hardware,Case Max,125.03,83
2024-06-15,West,Hardware,Case Max,103.44,114
2024-06-03,West,Hardware,Case Max,129.93,81
2024-06-26,West,Hardware,Case Max,113.22,98
