cases/pricing_optimization/data/data.csv
date,region,category,product,price,units_sold
2024-01-17,East,Accessories,Case Max,18.31,86
2024-01-09,East,Accessories,Case Max,17.72,105
2024-02-27,East,Accessories,Case Max,23.94,98
2024-02-10,East,Accessories,Case Max,17.93,116
2024-02-15,East,Accessories,Case Max,22.49,87
2024-03-04,East,Accessories,Case Max,17.32,107
2024-03-17,East,Accessories,Case Max,20.55,95
2024-04-16,East,Accessories,Case Max,23.65,124
2024-04-21,East,Accessories,Case Max,17.78,117
2024-04-25,East,Accessories,Case Max,22.04,98
2024-04-12,East,Accessories,Case Max,16.6,114
2024-04-07,East,Accessories,Case Max,21.14,84
2024-05-05,East,Accessories,Case Max,16.55,114
2024-05-14,East,Accessories,Case Max,16.63,102
2024-05-21,East,Accessories,Case Max,22.43,112
2024-06-21,East,Accessories,Case Max,19.95,62
2024-01-06,North,Software,Widget Y,59.82,115
2024-01-05,North,Software,Widget Y,58.98,111
2024-01-15,North,Software,Widget Y,48.81,113
2024-01-08,North,Software,Widget Y,54.8,101
2024-02-18,North,Software,Widget Y,62.68,74
2024-02-11,North,Software,Widget Y,70.06,98
2024-02-04,North,Software,Widget Y,63.88,82
2024-03-23,North,Software,Widget Y,70.17,83
2024-03-04,North,Software,Widget Y,56.99,134
2024-03-11,North,Software,Widget Y,54.07,123
2024-04-03,North,Software,Widget Y,69.0,67
2024-04-25,North,Software,Widget Y,70.11,78
2024-04-08,North,Software,Widget Y,53.42,101
2024-04-19,North,Software,Widget Y,70.06,67
2024-05-26,North,Software,Widget Y,68.41,94
2024-05-25,North,Software,Widget Y,49.32,122
2024-06-07,North,Software,Widget Y,55.79,96
2024-06-02,North,Software,Widget Y,68.38,88
2024-06-08,North,Software,Widget Y,69.81,120
2024-06-20,North,Software,Widget Y,63.99,89
2024-06-25,North,Software,Widget Y,69.34,99
2024-01-19,West,Software,Gizmo A,49.97,121
2024-01-22,West,Software,Gizmo A,55.13,111
2024-02-15,West,Software,Gizmo A,48.11,113
2024-02-01,West,Software,Gizmo A,58.82,97
2024-02-20,West,Software,Gizmo A,67.51,104
2024-02-03,West,Software,Gizmo A,50.58,126
2024-02-17,West,Software,Gizmo A,68.4,79
2024-02-03,West,Software,Gizmo A,70.01,121
2024-03-16,West,Software,Gizmo A,70.19,109
2024-03-07,West,Software,Gizmo A,64.88,117
2024-04-06,West,Software,Gizmo A,55.19,119
2024-05-01,West,Software,Gizmo A,70.43,67
2024-05-30,West,Software,Gizmo A,65.06,106
2024-06-13,West,Software,Gizmo A,71.78,81
2024-01-25,North,Hardware,Gizmo A,89.0,137
2024-01-26,North,Hardware,Gizmo A,116.96,96
2024-03-04,North,Hardware,Gizmo A,107.67,118
2024-04-25,North,Hardware,Gizmo A,89.45,126
2024-04-11,North,Hardware,Gizmo A,114.69,102
2024-04-14,North,Hardware,Gizmo A,97.8,129
2024-05-23,North,Hardware,Gizmo A,103.1,106
2024-05-16,North,Hardware,Gizmo A,125.31,78
2024-05-04,North,Hardware,Gizmo A,110.93,94
2024-04-30,North,Hardware,Gizmo A,102.99,122
2024-05-23,North,Hardware,Gizmo A,102.84,109
2024-05-16,North,Hardware,Gizmo A,112.55,75
2024-01-11,East,Hardware,Widget X,91.63,136
2024-01-03,East,Hardware,Widget X,90.23,110
2024-01-26,East,Hardware,Widget X,104.66,110
2024-01-04,East,Hardware,Widget X,112.26,105
2024-02-16,East,Hardware,Widget X,130.73,78
2024-02-07,East,Hardware,Widget X,100.54,143
2024-02-20,East,Hardware,Widget X,97.08,124
2024-03-03,East,Hardware,Widget X,99.43,103
2024-03-15,East,Hardware,Widget X,91.53,140
2024-03-01,East,Hardware,Widget X,112.0,113
2024-03-26,East,Hardware,Widget X,111.16,97
2024-03-26,East,Hardware,Widget X,107.15,85
2024-03-02,East,Hardware,Widget X,126.43,102
2024-04-25,East,Hardware,Widget X,92.78,129
2024-06-21,East,Hardware,Widget X,104.96,120
2024-06-14,East,Hardware,Widget X,120.65,80
2024-01-04,East,Software,Cable Pro,66.25,104
2024-01-28,East,Software,Cable Pro,52.46,96
2024-01-19,East,Software,Cable Pro,68.43,95
2024-01-12,East,Software,Cable Pro,69.2,102
2024-02-11,East,Software,Cable Pro,56.95,93
2024-02-03,East,Software,Cable Pro,59.49,80
2024-02-17,East,Software,Cable Pro,52.85,121
2024-02-14,East,Software,Cable Pro,70.78,94
2024-02-12,East,Software,Cable Pro,58.5,86
2024-03-22,East,Software,Cable Pro,64.67,93
2024-04-27,East,Software,Cable Pro,59.17,91
2024-05-14,East,Software,Cable Pro,49.78,92
2024-05-07,East,Software,Cable Pro,66.66,90
2024-05-20,East,Software,Cable Pro,60.18,95
2024-05-18,East,Software,Cable Pro,52.68,119
2024-06-08,East,Software,Cable Pro,55.14,92
2024-01-07,West,Hardware,Widget Y,112.01,86
2024-01-02,West,Hardware,Widget Y,102.64,146
2024-01-08,West,Hardware,Widget Y,95.98,102
2024-01-14,West,Hardware,Widget Y,110.61,99
2024-01-31,West,Hardware,Widget Y,95.99,132
2024-03-05,West,Hardware,Widget Y,116.05,102
2024-03-24,West,Hardware,Widget Y,102.21,89
2024-03-23,West,Hardware,Widget Y,99.52,116
2024-04-10,West,Hardware,Widget Y,110.15,101
2024-04-19,West,Hardware,Widget Y,110.19,102
2024-04-17,West,Hardware,Widget Y,109.57,111
2024-04-10,West,Hardware,Widget Y,109.28,82
2024-04-22,West,Hardware,Widget Y,126.39,79
2024-04-01,West,Hardware,Widget Y,104.18,111
2024-04-16,West,Hardware,Widget Y,102.11,143
2024-04-06,West,Hardware,Widget Y,110.78,105
2024-04-04,West,Hardware,Widget Y,121.9,81
2024-04-04,West,Hardware,Widget Y,110.55,99
2024-05-25,West,Hardware,Widget Y,130.81,81
2024-05-22,West,Hardware,Widget Y,100.72,73
2024-05-15,West,Hardware,Widget Y,117.76,93
2024-06-12,West,Hardware,Widget Y,102.17,119
2024-06-17,West,Hardware,Widget Y,131.18,57
2024-06-14,West,Hardware,Widget Y,112.72,89
2024-01-07,East,Hardware,Case Max,121.7,87
2024-01-27,East,Hardware,Case Max,100.32,92
2024-01-20,East,Hardware,Case Max,119.06,97
2024-01-31,East,Hardware,Case Max,101.94,95
2024-02-11,East,Hardware,Case Max,108.16,110
2024-02-04,East,Hardware,Case Max,115.67,88
2024-03-18,East,Hardware,Case Max,117.92,100
2024-03-02,East,Hardware,Case Max,126.5,108
2024-03-01,East,Hardware,Case Max,96.69,100
2024-04-07,East,Hardware,Case Max,130.52,93
2024-04-26,East,Hardware,Case Max,120.48,97
2024-05-08,East,Hardware,Case Max,117.56,104
2024-05-11,East,Hardware,Case Max,114.58,83
2024-05-22,East,Hardware,Case Max,104.52,114
2024-05-22,East,Hardware,Case Max,91.87,111
2024-06-20,East,Hardware,Case Max,88.42,118
2024-06-15,East,Hardware,Case Max,89.71,101
2024-06-04,East,Hardware,Case Max,131.43,75
2024-06-04,East,Hardware,Case Max,92.32,136
2024-01-18,North,Software,Gizmo A,68.87,73
2024-01-22,North,Software,Gizmo A,65.02,91
2024-01-06,North,Software,Gizmo A,58.08,71
2024-02-22,North,Software,Gizmo A,65.96,64
2024-02-08,North,Software,Gizmo A,63.05,113
2024-02-01,North,Software,Gizmo A,68.8,98
2024-03-01,North,Software,Gizmo A,65.57,90
2024-03-25,North,Software,Gizmo A,66.26,97
2024-03-06,North,Software,Gizmo A,53.03,109
2024-03-24,North,Software,Gizmo A,63.94,93
2024-03-10,North,Software,Gizmo A,48.64,106
2024-04-08,North,Software,Gizmo A,65.05,110
2024-04-08,North,Software,Gizmo A,71.96,92
2024-04-08,North,Software,Gizmo A,64.87,83
2024-05-27,North,Software,Gizmo A,54.08,131
2024-05-19,North,Software,Gizmo A,62.58,125
2024-05-18,North,Software,Gizmo A,56.51,126
2024-05-31,North,Software,Gizmo A,66.69,103
2024-01-08,North,Hardware,Cable Pro,113.57,92
2024-01-17,North,Hardware,Cable Pro,123.0,102
2024-01-13,North,Hardware,Cable Pro,106.8,111
2024-02-14,North,Hardware,Cable Pro,130.61,85
2024-02-03,North,Hardware,Cable Pro,111.33,108
2024-02-08,North,Hardware,Cable Pro,122.44,97
2024-02-22,North,Hardware,Cable Pro,131.85,69
2024-02-06,North,Hardware,Cable Pro,106.62,111
2024-03-09,North,Hardware,Cable Pro,121.65,84
2024-03-03,North,Hardware,Cable Pro,91.25,114
2024-04-15,North,Hardware,Cable Pro,89.71,119
2024-04-30,North,Hardware,Cable Pro,128.22,46
2024-05-15,North,Hardware,Cable Pro,111.01,88
2024-06-24,North,Hardware,Cable Pro,128.55,78
2024-06-18,North,Hardware,Cable Pro,97.83,122
2024-06-06,North,Hardware,Cable Pro,99.97,102
2024-01-03,South,Accessories,Gizmo A,16.84,100
2024-02-02,South,Accessories,Gizmo A,16.28,135
2024-02-11,South,Accessories,Gizmo A,20.47,93
2024-02-07,South,Accessories,Gizmo A,22.28,119
2024-02-23,South,Accessories,Gizmo A,17.03,107
2024-04-21,South,Accessories,Gizmo A,18.0,139
2024-04-15,South,Accessories,Gizmo A,23.53,95
2024-04-12,South,Accessories,Gizmo A,23.53,113
2024-05-16,South,Accessories,Gizmo A,23.5,79
2024-05-10,South,Accessories,Gizmo A,18.75,74
2024-06-07,South,Accessories,Gizmo A,17.13,115
2024-06-24,South,Accessories,Gizmo A,16.52,114
2024-01-05,West,Software,Gizmo B,69.8,83
2024-01-19,West,Software,Gizmo B,51.42,111
2024-01-20,West,Software,Gizmo B,48.29,118
2024-01-20,West,Software,Gizmo B,60.96,108
2024-02-07,West,Software,Gizmo B,67.04,83
2024-02-18,West,Software,Gizmo B,66.42,126
2024-02-10,West,Software,Gizmo B,59.34,119
2024-02-14,West,Software,Gizmo B,49.32,140
2024-04-09,West,Software,Gizmo B,60.2,115
2024-04-12,West,Software,Gizmo B,55.19,91
2024-05-20,West,Software,Gizmo B,61.43,109
2024-05-11,West,Software,Gizmo B,52.43,121
2024-05-05,West,Software,Gizmo B,71.53,96
2024-05-04,West,Software,Gizmo B,67.88,93
2024-05-21,West,Software,Gizmo B,54.32,96
2024-06-14,West,Software,Gizmo B,58.72,106
2024-06-25,West,Software,Gizmo B,56.22,124
2024-01-07,North,Hardware,Widget Y,128.39,78
2024-01-24,North,Hardware,Widget Y,88.94,102
2024-03-05,North,Hardware,Widget Y,129.0,65
2024-03-06,North,Hardware,Widget Y,95.2,143
2024-03-10,North,Hardware,Widget Y,110.37,127
2024-03-27,North,Hardware,Widget Y,110.67,103
2024-04-05,North,Hardware,Widget Y,98.7,128
2024-04-12,North,Hardware,Widget Y,88.89,109
2024-05-25,North,Hardware,Widget Y,93.66,91
2024-05-17,North,Hardware,Widget Y,108.97,87
2024-05-09,North,Hardware,Widget Y,128.24,72
2024-05-12,North,Hardware,Widget Y,100.74,112
2024-06-23,North,Hardware,Widget Y,114.57,108
2024-06-10,North,Hardware,Widget Y,91.95,125
2024-06-01,North,Hardware,Widget Y,130.83,83
2024-06-15,North,Hardware,Widget Y,96.68,112
2024-06-25,North,Hardware,Widget Y,90.34,85
2024-01-13,East,Accessories,Widget X,22.12,93
2024-03-12,East,Accessories,Widget X,22.12,107
2024-03-21,East,Accessories,Widget X,18.83,102
2024-04-10,East,Accessories,Widget X,20.91,121
2024-04-05,East,Accessories,Widget X,18.11,135
2024-04-27,East,Accessories,Widget X,20.49,103
2024-06-17,East,Accessories,Widget X,18.29,108
2024-06-03,East,Accessories,Widget X,20.97,87
2024-06-19,East,Accessories,Widget X,18.13,100
2024-01-06,South,Accessories,Cable Pro,19.14,90
2024-02-19,South,Accessories,Cable Pro,21.16,139
2024-02-16,South,Accessories,Cable Pro,23.45,106
2024-02-01,South,Accessories,Cable Pro,16.06,102
2024-03-22,South,Accessories,Cable Pro,21.6,95
2024-05-27,South,Accessories,Cable Pro,21.67,94
2024-05-09,South,Accessories,Cable Pro,22.09,113
2024-05-06,South,Accessories,Cable Pro,17.37,123
2024-05-12,South,Accessories,Cable Pro,22.75,77
2024-05-02,South,Accessories,Cable Pro,16.19,95
2024-06-01,South,Accessories,Cable Pro,19.04,103
2024-06-17,South,Accessories,Cable Pro,22.97,81
2024-01-13,East,Software,Gizmo B,61.8,102
2024-01-14,East,Software,Gizmo B,67.97,106
2024-02-14,East,Software,Gizmo B,55.54,98
2024-02-05,East,Software,Gizmo B,69.3,100
2024-02-25,East,Software,Gizmo B,55.27,106
2024-03-16,East,Software,Gizmo B,59.53,93
2024-03-10,East,Software,Gizmo B,60.77,89
2024-04-11,East,Software,Gizmo B,68.81,74
2024-04-01,East,Software,Gizmo B,58.84,76
2024-04-19,East,Software,Gizmo B,64.99,81
2024-04-21,East,Software,Gizmo B,65.8,87
2024-04-06,East,Software,Gizmo B,59.12,103
2024-04-20,East,Software,Gizmo B,58.02,113
2024-05-21,East,Software,Gizmo B,67.01,67
2024-05-20,East,Software,Gizmo B,55.86,102
2024-05-01,East,Software,Gizmo B,59.15,86
2024-05-18,East,Software,Gizmo B,50.39,109
2024-05-06,East,Software,Gizmo B,53.94,83
2024-05-30,East,Software,Gizmo B,62.87,114
2024-06-17,East,Software,Gizmo B,63.17,116
2024-06-18,East,Software,Gizmo B,62.28,90
2024-01-02,South,Software,Cable Pro,61.94,92
2024-01-09,South,Software,Cable Pro,50.86,102
2024-02-21,South,Software,Cable Pro,65.76,120
2024-01-31,South,Software,Cable Pro,51.66,115
2024-02-17,South,Software,Cable Pro,53.73,114
2024-03-13,South,Software,Cable Pro,59.03,83
2024-03-17,South,Software,Cable Pro,50.01,117
2024-03-21,South,Software,Cable Pro,60.87,86
2024-03-22,South,Software,Cable Pro,63.72,111
2024-03-24,South,Software,Cable Pro,56.27,111
2024-04-18,South,Software,Cable Pro,68.38,99
2024-04-06,South,Software,Cable Pro,59.02,100
2024-04-16,South,Software,Cable Pro,59.2,103
2024-04-08,South,Software,Cable Pro,50.69,105
2024-04-12,South,Software,Cable Pro,70.66,88
2024-04-14,South,Software,Cable Pro,63.65,115
2024-05-20,South,Software,Cable Pro,56.98,137
2024-05-22,South,Software,Cable Pro,57.02,119
2024-06-02,South,Software,Cable Pro,62.4,95
2024-01-26,South,Hardware,Widget Y,129.97,71
2024-02-01,South,Hardware,Widget Y,114.13,103
2024-02-03,South,Hardware,Widget Y,89.27,130
2024-02-10,South,Hardware,Widget Y,100.74,118
2024-03-08,South,Hardware,Widget Y,95.14,118
2024-03-26,South,Hardware,Widget Y,128.81,72
2024-03-28,South,Hardware,Widget Y,111.44,95
2024-04-14,South,Hardware,Widget Y,106.15,88
2024-04-17,South,Hardware,Widget Y,116.34,119
2024-05-04,South,Hardware,Widget Y,102.18,102
2024-06-16,South,Hardware,Widget Y,111.91,112
2024-06-01,South,Hardware,Widget Y,121.51,109
2024-05-30,South,Hardware,Widget Y,123.4,72
2024-06-05,South,Hardware,Widget Y,94.4,144
2024-06-12,South,Hardware,Widget Y,111.41,100
2024-06-22,South,Hardware,Widget Y,100.31,109
2024-01-14,East,Accessories,Widget Y,17.4,102
2024-02-14,East,Accessories,Widget Y,21.11,130
2024-02-08,East,Accessories,Widget Y,20.83,68
2024-02-07,East,Accessories,Widget Y,17.95,85
2024-02-26,East,Accessories,Widget Y,22.28,87
2024-02-07,East,Accessories,Widget Y,18.03,90
2024-02-19,East,Accessories,Widget Y,21.9,98
2024-03-06,East,Accessories,Widget Y,22.99,107
2024-03-12,East,Accessories,Widget Y,18.61,93
2024-03-12,East,Accessories,Widget Y,17.94,106
2024-03-23,East,Accessories,Widget Y,18.51,108
2024-03-28,East,Accessories,Widget Y,21.24,80
2024-04-03,East,Accessories,Widget Y,19.13,91
2024-03-31,East,Accessories,Widget Y,16.1,91
2024-04-15,East,Accessories,Widget Y,22.63,94
2024-05-09,East,Accessories,Widget Y,20.21,117
2024-05-18,East,Accessories,Widget Y,21.59,84
2024-05-26,East,Accessories,Widget Y,17.34,117
2024-05-24,East,Accessories,Widget Y,17.16,89
2024-05-08,East,Accessories,Widget Y,23.58,101
2024-06-07,East,Accessories,Widget Y,20.82,106
2024-05-30,East,Accessories,Widget Y,19.94,129
2024-06-01,East,Accessories,Widget Y,21.46,117
2024-06-02,East,Accessories,Widget Y,19.1,85
2024-01-24,North,Accessories,Widget Y,19.95,114
2024-02-04,North,Accessories,Widget Y,16.12,95
2024-02-05,North,Accessories,Widget Y,21.25,71
2024-02-18,North,Accessories,Widget Y,20.85,80
2024-02-26,North,Accessories,Widget Y,16.68,80
2024-03-01,North,Accessories,Widget Y,16.04,86
2024-03-01,North,Accessories,Widget Y,20.72,91
2024-03-18,North,Accessories,Widget Y,18.05,113
2024-03-05,North,Accessories,Widget Y,17.92,97
2024-03-08,North,Accessories,Widget Y,19.9,88
2024-03-24,North,Accessories,Widget Y,21.46,104
2024-04-13,North,Accessories,Widget Y,16.3,97
2024-06-19,North,Accessories,Widget Y,18.85,103
2024-06-14,North,Accessories,Widget Y,22.39,62
2024-06-13,North,Accessories,Widget Y,17.28,114
2024-06-11,North,Accessories,Widget Y,18.16,95
2024-01-23,West,Software,Widget X,69.16,102
2024-01-02,West,Software,Widget X,50.78,141
2024-01-04,West,Software,Widget X,60.69,95
2024-02-19,West,Software,Widget X,50.6,82
2024-02-24,West,Software,Widget X,55.86,79
2024-02-17,West,Software,Widget X,65.69,80
2024-04-25,West,Software,Widget X,66.81,121
2024-04-23,West,Software,Widget X,54.33,106
2024-04-16,West,Software,Widget X,54.74,115
2024-05-14,West,Software,Widget X,61.43,120
2024-05-09,West,Software,Widget X,65.79,85
2024-05-07,West,Software,Widget X,56.57,135
2024-06-09,West,Software,Widget X,52.13,80
2024-01-02,East,Hardware,Cable Pro,99.21,121
2024-02-09,East,Hardware,Cable Pro,118.31,102
2024-02-23,East,Hardware,Cable Pro,111.9,86
2024-03-27,East,Hardware,Cable Pro,131.49,79
2024-03-10,East,Hardware,Cable Pro,110.63,82
2024-04-13,East,Hardware,Cable Pro,113.27,72
2024-05-07,East,Hardware,Cable Pro,88.77,154
2024-05-11,East,Hardware,Cable Pro,100.72,88
2024-06-13,East,Hardware,Cable Pro,120.71,75
2024-05-31,East,Hardware,Cable Pro,130.83,69
2024-06-23,East,Hardware,Cable Pro,101.42,120
2024-06-25,East,Hardware,Cable Pro,111.14,82
2024-01-27,West,Software,Widget Y,52.69,128
2024-01-06,West,Software,Widget Y,57.05,100
2024-02-19,West,Software,Widget Y,67.81,106
2024-02-20,West,Software,Widget Y,62.98,89
2024-02-04,West,Software,Widget Y,51.47,103
2024-02-13,West,Software,Widget Y,53.86,111
2024-03-08,West,Software,Widget Y,59.79,104
2024-04-18,West,Software,Widget Y,64.6,96
2024-04-19,West,Software,Widget Y,70.08,99
2024-04-23,West,Software,Widget Y,56.3,117
2024-04-17,West,Software,Widget Y,59.37,120
2024-05-24,West,Software,Widget Y,65.55,117
2024-05-02,West,Software,Widget Y,48.31,118
2024-05-16,West,Software,Widget Y,65.54,105
2024-06-07,West,Software,Widget Y,63.28,104
2024-06-01,West,Software,Widget Y,61.61,133
2024-02-22,East,Hardware,Gizmo B,119.94,122
2024-02-01,East,Hardware,Gizmo B,98.27,106
2024-03-15,East,Hardware,Gizmo B,111.34,114
2024-04-01,East,Hardware,Gizmo B,128.35,83
2024-04-05,East,Hardware,Gizmo B,88.27,114
2024-04-25,East,Hardware,Gizmo B,103.01,109
2024-05-17,East,Hardware,Gizmo B,122.17,76
2024-06-09,East,Hardware,Gizmo B,104.42,98
2024-06-01,East,Hardware,Gizmo B,119.27,121
2024-06-05,East,Hardware,Gizmo B,125.56,72
2024-06-19,East,Hardware,Gizmo B,127.49,83
2024-06-18,East,Hardware,Gizmo B,130.19,72
2024-06-02,East,Hardware,Gizmo B,91.82,136
2024-05-30,East,Hardware,Gizmo B,110.47,86
