cases/pricing_optimization/data/data.csv
date,region,category,product,price,units_sold
2024-02-10,South,Hardware,Cable Pro,116.39,81
2024-04-13,South,Hardware,Cable Pro,121.69,78
2024-04-24,South,Hardware,Cable Pro,123.2,79
2024-04-02,South,Hardware,Cable Pro,112.89,113
2024-05-12,South,Hardware,Cable Pro,110.84,92
2024-05-27,South,Hardware,Cable Pro,95.77,99
2024-05-02,South,Hardware,Cable Pro,90.26,146
2024-05-03,South,Hardware,Cable Pro,105.83,125
2024-05-04,South,Hardware,Cable Pro,108.96,106
2024-05-05,South,Hardware,Cable Pro,117.63,94
2024-05-05,South,Hardware,Cable Pro,93.9,109
2024-06-04,South,Hardware,Cable Pro,121.34,68
2024-03-13,South,Accessories,Widget X,16.53,86
2024-03-15,South,Accessories,Widget X,23.25,70
2024-03-20,South,Accessories,Widget X,20.03,103
2024-03-19,South,Accessories,Widget X,16.9,116
2024-03-25,South,Accessories,Widget X,16.12,102
2024-04-27,South,Accessories,Widget X,22.83,85
2024-04-15,South,Accessories,Widget X,21.33,93
2024-04-04,South,Accessories,Widget X,16.59,85
2024-05-14,South,Accessories,Widget X,17.6,119
2024-06-15,South,Accessories,Widget X,20.72,121
2024-06-17,South,Accessories,Widget X,22.55,80
2024-06-08,South,Accessories,Widget X,23.12,111
2024-05-30,South,Accessories,Widget X,16.54,118
2024-06-15,South,Accessories,Widget X,19.85,88
2024-06-26,South,Accessories,Widget X,19.82,82
2024-06-04,South,Accessories,Widget X,20.1,91
